	1aju_model1.pdb#16:A#How_many_HB	1aju_model1.pdb#16:A#HB_Strong	1aju_model1.pdb#16:A#HB_Moderate	1aju_model1.pdb#16:A#HB_Weak	1aju_model1.pdb#16:A#How_many_HAL	1aju_model1.pdb#16:A#How_many_CA	1aju_model1.pdb#16:A#Pi_Cation	1aju_model1.pdb#16:A#Pi_Anion	1aju_model1.pdb#16:A#Pi_Stacking	1aju_model1.pdb#17:A#How_many_HB	1aju_model1.pdb#17:A#HB_Strong	1aju_model1.pdb#17:A#HB_Moderate	1aju_model1.pdb#17:A#HB_Weak	1aju_model1.pdb#17:A#How_many_HAL	1aju_model1.pdb#17:A#How_many_CA	1aju_model1.pdb#17:A#Pi_Cation	1aju_model1.pdb#17:A#Pi_Anion	1aju_model1.pdb#17:A#Pi_Stacking	1aju_model1.pdb#18:A#How_many_HB	1aju_model1.pdb#18:A#HB_Strong	1aju_model1.pdb#18:A#HB_Moderate	1aju_model1.pdb#18:A#HB_Weak	1aju_model1.pdb#18:A#How_many_HAL	1aju_model1.pdb#18:A#How_many_CA	1aju_model1.pdb#18:A#Pi_Cation	1aju_model1.pdb#18:A#Pi_Anion	1aju_model1.pdb#18:A#Pi_Stacking	1aju_model1.pdb#19:A#How_many_HB	1aju_model1.pdb#19:A#HB_Strong	1aju_model1.pdb#19:A#HB_Moderate	1aju_model1.pdb#19:A#HB_Weak	1aju_model1.pdb#19:A#How_many_HAL	1aju_model1.pdb#19:A#How_many_CA	1aju_model1.pdb#19:A#Pi_Cation	1aju_model1.pdb#19:A#Pi_Anion	1aju_model1.pdb#19:A#Pi_Stacking	1aju_model1.pdb#20:A#How_many_HB	1aju_model1.pdb#20:A#HB_Strong	1aju_model1.pdb#20:A#HB_Moderate	1aju_model1.pdb#20:A#HB_Weak	1aju_model1.pdb#20:A#How_many_HAL	1aju_model1.pdb#20:A#How_many_CA	1aju_model1.pdb#20:A#Pi_Cation	1aju_model1.pdb#20:A#Pi_Anion	1aju_model1.pdb#20:A#Pi_Stacking	1aju_model1.pdb#21:A#How_many_HB	1aju_model1.pdb#21:A#HB_Strong	1aju_model1.pdb#21:A#HB_Moderate	1aju_model1.pdb#21:A#HB_Weak	1aju_model1.pdb#21:A#How_many_HAL	1aju_model1.pdb#21:A#How_many_CA	1aju_model1.pdb#21:A#Pi_Cation	1aju_model1.pdb#21:A#Pi_Anion	1aju_model1.pdb#21:A#Pi_Stacking	1aju_model1.pdb#22:A#How_many_HB	1aju_model1.pdb#22:A#HB_Strong	1aju_model1.pdb#22:A#HB_Moderate	1aju_model1.pdb#22:A#HB_Weak	1aju_model1.pdb#22:A#How_many_HAL	1aju_model1.pdb#22:A#How_many_CA	1aju_model1.pdb#22:A#Pi_Cation	1aju_model1.pdb#22:A#Pi_Anion	1aju_model1.pdb#22:A#Pi_Stacking	1aju_model1.pdb#23:A#How_many_HB	1aju_model1.pdb#23:A#HB_Strong	1aju_model1.pdb#23:A#HB_Moderate	1aju_model1.pdb#23:A#HB_Weak	1aju_model1.pdb#23:A#How_many_HAL	1aju_model1.pdb#23:A#How_many_CA	1aju_model1.pdb#23:A#Pi_Cation	1aju_model1.pdb#23:A#Pi_Anion	1aju_model1.pdb#23:A#Pi_Stacking	1aju_model1.pdb#25:A#How_many_HB	1aju_model1.pdb#25:A#HB_Strong	1aju_model1.pdb#25:A#HB_Moderate	1aju_model1.pdb#25:A#HB_Weak	1aju_model1.pdb#25:A#How_many_HAL	1aju_model1.pdb#25:A#How_many_CA	1aju_model1.pdb#25:A#Pi_Cation	1aju_model1.pdb#25:A#Pi_Anion	1aju_model1.pdb#25:A#Pi_Stacking	1aju_model1.pdb#26:A#How_many_HB	1aju_model1.pdb#26:A#HB_Strong	1aju_model1.pdb#26:A#HB_Moderate	1aju_model1.pdb#26:A#HB_Weak	1aju_model1.pdb#26:A#How_many_HAL	1aju_model1.pdb#26:A#How_many_CA	1aju_model1.pdb#26:A#Pi_Cation	1aju_model1.pdb#26:A#Pi_Anion	1aju_model1.pdb#26:A#Pi_Stacking	1aju_model1.pdb#27:A#How_many_HB	1aju_model1.pdb#27:A#HB_Strong	1aju_model1.pdb#27:A#HB_Moderate	1aju_model1.pdb#27:A#HB_Weak	1aju_model1.pdb#27:A#How_many_HAL	1aju_model1.pdb#27:A#How_many_CA	1aju_model1.pdb#27:A#Pi_Cation	1aju_model1.pdb#27:A#Pi_Anion	1aju_model1.pdb#27:A#Pi_Stacking	1aju_model1.pdb#28:A#How_many_HB	1aju_model1.pdb#28:A#HB_Strong	1aju_model1.pdb#28:A#HB_Moderate	1aju_model1.pdb#28:A#HB_Weak	1aju_model1.pdb#28:A#How_many_HAL	1aju_model1.pdb#28:A#How_many_CA	1aju_model1.pdb#28:A#Pi_Cation	1aju_model1.pdb#28:A#Pi_Anion	1aju_model1.pdb#28:A#Pi_Stacking	1aju_model1.pdb#29:A#How_many_HB	1aju_model1.pdb#29:A#HB_Strong	1aju_model1.pdb#29:A#HB_Moderate	1aju_model1.pdb#29:A#HB_Weak	1aju_model1.pdb#29:A#How_many_HAL	1aju_model1.pdb#29:A#How_many_CA	1aju_model1.pdb#29:A#Pi_Cation	1aju_model1.pdb#29:A#Pi_Anion	1aju_model1.pdb#29:A#Pi_Stacking	1aju_model1.pdb#30:A#How_many_HB	1aju_model1.pdb#30:A#HB_Strong	1aju_model1.pdb#30:A#HB_Moderate	1aju_model1.pdb#30:A#HB_Weak	1aju_model1.pdb#30:A#How_many_HAL	1aju_model1.pdb#30:A#How_many_CA	1aju_model1.pdb#30:A#Pi_Cation	1aju_model1.pdb#30:A#Pi_Anion	1aju_model1.pdb#30:A#Pi_Stacking	1aju_model1.pdb#31:A#How_many_HB	1aju_model1.pdb#31:A#HB_Strong	1aju_model1.pdb#31:A#HB_Moderate	1aju_model1.pdb#31:A#HB_Weak	1aju_model1.pdb#31:A#How_many_HAL	1aju_model1.pdb#31:A#How_many_CA	1aju_model1.pdb#31:A#Pi_Cation	1aju_model1.pdb#31:A#Pi_Anion	1aju_model1.pdb#31:A#Pi_Stacking	1aju_model1.pdb#32:A#How_many_HB	1aju_model1.pdb#32:A#HB_Strong	1aju_model1.pdb#32:A#HB_Moderate	1aju_model1.pdb#32:A#HB_Weak	1aju_model1.pdb#32:A#How_many_HAL	1aju_model1.pdb#32:A#How_many_CA	1aju_model1.pdb#32:A#Pi_Cation	1aju_model1.pdb#32:A#Pi_Anion	1aju_model1.pdb#32:A#Pi_Stacking	1aju_model1.pdb#33:A#How_many_HB	1aju_model1.pdb#33:A#HB_Strong	1aju_model1.pdb#33:A#HB_Moderate	1aju_model1.pdb#33:A#HB_Weak	1aju_model1.pdb#33:A#How_many_HAL	1aju_model1.pdb#33:A#How_many_CA	1aju_model1.pdb#33:A#Pi_Cation	1aju_model1.pdb#33:A#Pi_Anion	1aju_model1.pdb#33:A#Pi_Stacking	1aju_model1.pdb#34:A#How_many_HB	1aju_model1.pdb#34:A#HB_Strong	1aju_model1.pdb#34:A#HB_Moderate	1aju_model1.pdb#34:A#HB_Weak	1aju_model1.pdb#34:A#How_many_HAL	1aju_model1.pdb#34:A#How_many_CA	1aju_model1.pdb#34:A#Pi_Cation	1aju_model1.pdb#34:A#Pi_Anion	1aju_model1.pdb#34:A#Pi_Stacking	1aju_model1.pdb#35:A#How_many_HB	1aju_model1.pdb#35:A#HB_Strong	1aju_model1.pdb#35:A#HB_Moderate	1aju_model1.pdb#35:A#HB_Weak	1aju_model1.pdb#35:A#How_many_HAL	1aju_model1.pdb#35:A#How_many_CA	1aju_model1.pdb#35:A#Pi_Cation	1aju_model1.pdb#35:A#Pi_Anion	1aju_model1.pdb#35:A#Pi_Stacking	1aju_model1.pdb#36:A#How_many_HB	1aju_model1.pdb#36:A#HB_Strong	1aju_model1.pdb#36:A#HB_Moderate	1aju_model1.pdb#36:A#HB_Weak	1aju_model1.pdb#36:A#How_many_HAL	1aju_model1.pdb#36:A#How_many_CA	1aju_model1.pdb#36:A#Pi_Cation	1aju_model1.pdb#36:A#Pi_Anion	1aju_model1.pdb#36:A#Pi_Stacking	1aju_model1.pdb#37:A#How_many_HB	1aju_model1.pdb#37:A#HB_Strong	1aju_model1.pdb#37:A#HB_Moderate	1aju_model1.pdb#37:A#HB_Weak	1aju_model1.pdb#37:A#How_many_HAL	1aju_model1.pdb#37:A#How_many_CA	1aju_model1.pdb#37:A#Pi_Cation	1aju_model1.pdb#37:A#Pi_Anion	1aju_model1.pdb#37:A#Pi_Stacking	1aju_model1.pdb#38:A#How_many_HB	1aju_model1.pdb#38:A#HB_Strong	1aju_model1.pdb#38:A#HB_Moderate	1aju_model1.pdb#38:A#HB_Weak	1aju_model1.pdb#38:A#How_many_HAL	1aju_model1.pdb#38:A#How_many_CA	1aju_model1.pdb#38:A#Pi_Cation	1aju_model1.pdb#38:A#Pi_Anion	1aju_model1.pdb#38:A#Pi_Stacking	1aju_model1.pdb#39:A#How_many_HB	1aju_model1.pdb#39:A#HB_Strong	1aju_model1.pdb#39:A#HB_Moderate	1aju_model1.pdb#39:A#HB_Weak	1aju_model1.pdb#39:A#How_many_HAL	1aju_model1.pdb#39:A#How_many_CA	1aju_model1.pdb#39:A#Pi_Cation	1aju_model1.pdb#39:A#Pi_Anion	1aju_model1.pdb#39:A#Pi_Stacking	1aju_model1.pdb#40:A#How_many_HB	1aju_model1.pdb#40:A#HB_Strong	1aju_model1.pdb#40:A#HB_Moderate	1aju_model1.pdb#40:A#HB_Weak	1aju_model1.pdb#40:A#How_many_HAL	1aju_model1.pdb#40:A#How_many_CA	1aju_model1.pdb#40:A#Pi_Cation	1aju_model1.pdb#40:A#Pi_Anion	1aju_model1.pdb#40:A#Pi_Stacking	1aju_model1.pdb#41:A#How_many_HB	1aju_model1.pdb#41:A#HB_Strong	1aju_model1.pdb#41:A#HB_Moderate	1aju_model1.pdb#41:A#HB_Weak	1aju_model1.pdb#41:A#How_many_HAL	1aju_model1.pdb#41:A#How_many_CA	1aju_model1.pdb#41:A#Pi_Cation	1aju_model1.pdb#41:A#Pi_Anion	1aju_model1.pdb#41:A#Pi_Stacking	1aju_model1.pdb#42:A#How_many_HB	1aju_model1.pdb#42:A#HB_Strong	1aju_model1.pdb#42:A#HB_Moderate	1aju_model1.pdb#42:A#HB_Weak	1aju_model1.pdb#42:A#How_many_HAL	1aju_model1.pdb#42:A#How_many_CA	1aju_model1.pdb#42:A#Pi_Cation	1aju_model1.pdb#42:A#Pi_Anion	1aju_model1.pdb#42:A#Pi_Stacking	1aju_model1.pdb#43:A#How_many_HB	1aju_model1.pdb#43:A#HB_Strong	1aju_model1.pdb#43:A#HB_Moderate	1aju_model1.pdb#43:A#HB_Weak	1aju_model1.pdb#43:A#How_many_HAL	1aju_model1.pdb#43:A#How_many_CA	1aju_model1.pdb#43:A#Pi_Cation	1aju_model1.pdb#43:A#Pi_Anion	1aju_model1.pdb#43:A#Pi_Stacking	1aju_model1.pdb#44:A#How_many_HB	1aju_model1.pdb#44:A#HB_Strong	1aju_model1.pdb#44:A#HB_Moderate	1aju_model1.pdb#44:A#HB_Weak	1aju_model1.pdb#44:A#How_many_HAL	1aju_model1.pdb#44:A#How_many_CA	1aju_model1.pdb#44:A#Pi_Cation	1aju_model1.pdb#44:A#Pi_Anion	1aju_model1.pdb#44:A#Pi_Stacking	1aju_model1.pdb#45:A#How_many_HB	1aju_model1.pdb#45:A#HB_Strong	1aju_model1.pdb#45:A#HB_Moderate	1aju_model1.pdb#45:A#HB_Weak	1aju_model1.pdb#45:A#How_many_HAL	1aju_model1.pdb#45:A#How_many_CA	1aju_model1.pdb#45:A#Pi_Cation	1aju_model1.pdb#45:A#Pi_Anion	1aju_model1.pdb#45:A#Pi_Stacking	1aju_model1.pdb#46:A#How_many_HB	1aju_model1.pdb#46:A#HB_Strong	1aju_model1.pdb#46:A#HB_Moderate	1aju_model1.pdb#46:A#HB_Weak	1aju_model1.pdb#46:A#How_many_HAL	1aju_model1.pdb#46:A#How_many_CA	1aju_model1.pdb#46:A#Pi_Cation	1aju_model1.pdb#46:A#Pi_Anion	1aju_model1.pdb#46:A#Pi_Stacking
molecule_00001^2	0	0	0	0	0	0	0	0	0	0	0	0	0	0	0	0	0	0	0	0	0	0	0	0	0	0	0	0	0	0	0	0	0	0	0	0	0	0	0	0	0	0	0	0	0	0	0	0	0	0	0	0	0	0	0	0	0	0	0	2	0	0	1	0	0	0	0	0	1	0	0	0	0	0	0	0	0	0	0	0	0	0	0	0	0	0	0	0	0	0	0	0	0	0	0	0	0	0	0	0	0	0	0	0	0	0	0	0	0	0	0	0	0	0	0	0	0	0	0	0	0	0	0	0	0	0	0	0	0	0	0	0	0	0	0	0	0	0	0	0	0	0	0	0	0	0	0	0	0	0	0	0	0	0	0	0	0	0	0	0	0	0	0	0	0	0	0	0	0	0	0	0	0	0	0	0	0	0	0	0	0	0	0	0	0	0	0	0	0	0	0	0	0	0	0	0	0	0	0	0	0	0	0	0	0	0	0	0	0	0	0	0	0	0	0	0	0	0	0	0	0	0	0	0	0	0	0	0	0	0	0	0	0	0	0	0	0	0	0	0	0	0	0	0	0	0	0	0	0	0	0	0	0	0	0	0	0	0	0	0	0	0	0	0	0	0	0	0	0	0
molecule_00006^1	0	0	0	0	0	0	0	0	0	0	0	0	0	0	0	0	0	0	0	0	0	0	0	0	0	0	0	0	0	0	0	0	0	0	0	0	0	0	0	0	0	0	0	0	0	0	0	0	0	0	0	0	0	0	0	0	0	0	0	0	0	0	1	0	0	0	0	0	0	0	0	0	0	0	0	0	0	0	0	0	0	0	0	0	0	0	0	0	0	0	0	0	0	0	0	0	0	0	0	0	0	0	0	0	0	0	0	0	0	0	0	0	0	0	0	0	0	0	0	0	0	0	0	0	0	0	0	0	0	0	0	0	0	0	0	0	0	0	0	0	0	0	0	0	0	0	0	0	0	0	0	0	0	0	0	0	0	0	0	0	0	0	0	0	0	0	0	0	0	0	0	0	0	0	0	0	0	0	0	0	0	0	0	0	0	0	0	0	0	0	0	0	0	0	0	0	0	0	0	0	0	0	0	0	0	0	0	0	0	0	0	0	0	0	0	0	0	0	0	0	0	0	0	0	0	0	0	0	0	0	0	0	0	0	0	0	0	0	0	0	0	0	0	0	0	0	0	0	0	0	0	0	0	0	0	0	0	0	0	0	0	0	0	0	0	0	0	0	0	0
molecule_00001^1	0	0	0	0	0	0	0	0	0	0	0	0	0	0	0	0	0	0	0	0	0	0	0	0	0	0	0	0	0	0	0	0	0	0	0	0	0	0	0	0	0	0	0	0	0	0	0	0	0	0	0	0	0	0	0	0	0	0	0	2	0	0	0	0	0	0	0	0	0	0	0	0	0	0	0	0	0	0	0	0	0	0	0	0	0	0	0	0	0	0	0	0	0	0	0	0	0	0	0	0	0	0	0	0	0	0	0	0	0	0	0	0	0	0	0	0	0	0	0	0	0	0	0	0	0	0	0	0	0	0	0	0	0	0	0	0	0	0	0	0	0	0	0	0	0	0	0	0	0	0	0	0	0	0	0	0	0	0	0	0	0	0	0	0	0	0	0	0	0	0	0	0	0	0	0	0	0	0	0	0	0	0	0	0	0	0	0	0	0	0	0	0	0	0	0	0	0	0	0	0	0	0	0	0	0	0	0	0	0	0	0	0	0	0	0	0	0	0	0	0	0	0	0	0	0	0	0	0	0	0	0	0	0	0	0	0	0	0	0	0	0	0	0	0	0	0	0	0	0	0	0	0	0	0	0	0	0	0	0	0	0	0	0	0	0	0	0	0	0	0
molecule_00002^1	0	0	0	0	0	0	0	0	0	0	0	0	0	0	0	0	0	0	0	0	0	0	0	0	0	0	0	0	0	0	0	0	0	0	0	0	0	0	0	0	0	0	0	0	0	0	0	0	0	0	0	0	0	0	1	0	1	0	0	0	1	0	1	1	0	0	1	0	0	0	0	0	0	0	0	0	0	0	0	0	0	2	0	2	0	0	0	0	0	0	0	0	0	0	0	0	0	0	0	0	0	0	0	0	0	0	0	0	0	0	0	0	0	0	0	0	0	0	0	0	0	0	0	0	0	0	0	0	0	0	0	0	0	0	0	0	0	0	0	0	0	0	0	0	0	0	0	0	0	0	0	0	0	0	0	0	0	0	0	0	0	0	0	0	0	0	0	0	0	0	0	0	0	0	0	0	0	0	0	0	0	0	0	0	0	0	0	0	0	0	0	0	0	0	0	0	0	0	0	0	0	0	0	0	0	0	0	0	0	0	0	0	0	0	0	0	0	0	0	0	0	0	0	0	0	0	0	0	0	0	0	0	0	0	0	0	0	0	0	0	0	0	0	0	0	0	0	0	0	0	0	0	0	0	0	0	0	0	0	0	0	0	0	0	0	0	0	0	0	0
