Ligand_name	1aju_model1.pdb#16:A#HB	1aju_model1.pdb#16:A#HAL	1aju_model1.pdb#16:A#CA	1aju_model1.pdb#16:A#Pi_Cation	1aju_model1.pdb#16:A#Pi_Anion	1aju_model1.pdb#16:A#Pi_Stacking	1aju_model1.pdb#17:A#HB	1aju_model1.pdb#17:A#HAL	1aju_model1.pdb#17:A#CA	1aju_model1.pdb#17:A#Pi_Cation	1aju_model1.pdb#17:A#Pi_Anion	1aju_model1.pdb#17:A#Pi_Stacking	1aju_model1.pdb#18:A#HB	1aju_model1.pdb#18:A#HAL	1aju_model1.pdb#18:A#CA	1aju_model1.pdb#18:A#Pi_Cation	1aju_model1.pdb#18:A#Pi_Anion	1aju_model1.pdb#18:A#Pi_Stacking	1aju_model1.pdb#19:A#HB	1aju_model1.pdb#19:A#HAL	1aju_model1.pdb#19:A#CA	1aju_model1.pdb#19:A#Pi_Cation	1aju_model1.pdb#19:A#Pi_Anion	1aju_model1.pdb#19:A#Pi_Stacking	1aju_model1.pdb#20:A#HB	1aju_model1.pdb#20:A#HAL	1aju_model1.pdb#20:A#CA	1aju_model1.pdb#20:A#Pi_Cation	1aju_model1.pdb#20:A#Pi_Anion	1aju_model1.pdb#20:A#Pi_Stacking	1aju_model1.pdb#21:A#HB	1aju_model1.pdb#21:A#HAL	1aju_model1.pdb#21:A#CA	1aju_model1.pdb#21:A#Pi_Cation	1aju_model1.pdb#21:A#Pi_Anion	1aju_model1.pdb#21:A#Pi_Stacking	1aju_model1.pdb#22:A#HB	1aju_model1.pdb#22:A#HAL	1aju_model1.pdb#22:A#CA	1aju_model1.pdb#22:A#Pi_Cation	1aju_model1.pdb#22:A#Pi_Anion	1aju_model1.pdb#22:A#Pi_Stacking	1aju_model1.pdb#23:A#HB	1aju_model1.pdb#23:A#HAL	1aju_model1.pdb#23:A#CA	1aju_model1.pdb#23:A#Pi_Cation	1aju_model1.pdb#23:A#Pi_Anion	1aju_model1.pdb#23:A#Pi_Stacking	1aju_model1.pdb#25:A#HB	1aju_model1.pdb#25:A#HAL	1aju_model1.pdb#25:A#CA	1aju_model1.pdb#25:A#Pi_Cation	1aju_model1.pdb#25:A#Pi_Anion	1aju_model1.pdb#25:A#Pi_Stacking	1aju_model1.pdb#26:A#HB	1aju_model1.pdb#26:A#HAL	1aju_model1.pdb#26:A#CA	1aju_model1.pdb#26:A#Pi_Cation	1aju_model1.pdb#26:A#Pi_Anion	1aju_model1.pdb#26:A#Pi_Stacking	1aju_model1.pdb#27:A#HB	1aju_model1.pdb#27:A#HAL	1aju_model1.pdb#27:A#CA	1aju_model1.pdb#27:A#Pi_Cation	1aju_model1.pdb#27:A#Pi_Anion	1aju_model1.pdb#27:A#Pi_Stacking	1aju_model1.pdb#28:A#HB	1aju_model1.pdb#28:A#HAL	1aju_model1.pdb#28:A#CA	1aju_model1.pdb#28:A#Pi_Cation	1aju_model1.pdb#28:A#Pi_Anion	1aju_model1.pdb#28:A#Pi_Stacking	1aju_model1.pdb#29:A#HB	1aju_model1.pdb#29:A#HAL	1aju_model1.pdb#29:A#CA	1aju_model1.pdb#29:A#Pi_Cation	1aju_model1.pdb#29:A#Pi_Anion	1aju_model1.pdb#29:A#Pi_Stacking	1aju_model1.pdb#30:A#HB	1aju_model1.pdb#30:A#HAL	1aju_model1.pdb#30:A#CA	1aju_model1.pdb#30:A#Pi_Cation	1aju_model1.pdb#30:A#Pi_Anion	1aju_model1.pdb#30:A#Pi_Stacking	1aju_model1.pdb#31:A#HB	1aju_model1.pdb#31:A#HAL	1aju_model1.pdb#31:A#CA	1aju_model1.pdb#31:A#Pi_Cation	1aju_model1.pdb#31:A#Pi_Anion	1aju_model1.pdb#31:A#Pi_Stacking	1aju_model1.pdb#32:A#HB	1aju_model1.pdb#32:A#HAL	1aju_model1.pdb#32:A#CA	1aju_model1.pdb#32:A#Pi_Cation	1aju_model1.pdb#32:A#Pi_Anion	1aju_model1.pdb#32:A#Pi_Stacking	1aju_model1.pdb#33:A#HB	1aju_model1.pdb#33:A#HAL	1aju_model1.pdb#33:A#CA	1aju_model1.pdb#33:A#Pi_Cation	1aju_model1.pdb#33:A#Pi_Anion	1aju_model1.pdb#33:A#Pi_Stacking	1aju_model1.pdb#34:A#HB	1aju_model1.pdb#34:A#HAL	1aju_model1.pdb#34:A#CA	1aju_model1.pdb#34:A#Pi_Cation	1aju_model1.pdb#34:A#Pi_Anion	1aju_model1.pdb#34:A#Pi_Stacking	1aju_model1.pdb#35:A#HB	1aju_model1.pdb#35:A#HAL	1aju_model1.pdb#35:A#CA	1aju_model1.pdb#35:A#Pi_Cation	1aju_model1.pdb#35:A#Pi_Anion	1aju_model1.pdb#35:A#Pi_Stacking	1aju_model1.pdb#36:A#HB	1aju_model1.pdb#36:A#HAL	1aju_model1.pdb#36:A#CA	1aju_model1.pdb#36:A#Pi_Cation	1aju_model1.pdb#36:A#Pi_Anion	1aju_model1.pdb#36:A#Pi_Stacking	1aju_model1.pdb#37:A#HB	1aju_model1.pdb#37:A#HAL	1aju_model1.pdb#37:A#CA	1aju_model1.pdb#37:A#Pi_Cation	1aju_model1.pdb#37:A#Pi_Anion	1aju_model1.pdb#37:A#Pi_Stacking	1aju_model1.pdb#38:A#HB	1aju_model1.pdb#38:A#HAL	1aju_model1.pdb#38:A#CA	1aju_model1.pdb#38:A#Pi_Cation	1aju_model1.pdb#38:A#Pi_Anion	1aju_model1.pdb#38:A#Pi_Stacking	1aju_model1.pdb#39:A#HB	1aju_model1.pdb#39:A#HAL	1aju_model1.pdb#39:A#CA	1aju_model1.pdb#39:A#Pi_Cation	1aju_model1.pdb#39:A#Pi_Anion	1aju_model1.pdb#39:A#Pi_Stacking	1aju_model1.pdb#40:A#HB	1aju_model1.pdb#40:A#HAL	1aju_model1.pdb#40:A#CA	1aju_model1.pdb#40:A#Pi_Cation	1aju_model1.pdb#40:A#Pi_Anion	1aju_model1.pdb#40:A#Pi_Stacking	1aju_model1.pdb#41:A#HB	1aju_model1.pdb#41:A#HAL	1aju_model1.pdb#41:A#CA	1aju_model1.pdb#41:A#Pi_Cation	1aju_model1.pdb#41:A#Pi_Anion	1aju_model1.pdb#41:A#Pi_Stacking	1aju_model1.pdb#42:A#HB	1aju_model1.pdb#42:A#HAL	1aju_model1.pdb#42:A#CA	1aju_model1.pdb#42:A#Pi_Cation	1aju_model1.pdb#42:A#Pi_Anion	1aju_model1.pdb#42:A#Pi_Stacking	1aju_model1.pdb#43:A#HB	1aju_model1.pdb#43:A#HAL	1aju_model1.pdb#43:A#CA	1aju_model1.pdb#43:A#Pi_Cation	1aju_model1.pdb#43:A#Pi_Anion	1aju_model1.pdb#43:A#Pi_Stacking	1aju_model1.pdb#44:A#HB	1aju_model1.pdb#44:A#HAL	1aju_model1.pdb#44:A#CA	1aju_model1.pdb#44:A#Pi_Cation	1aju_model1.pdb#44:A#Pi_Anion	1aju_model1.pdb#44:A#Pi_Stacking	1aju_model1.pdb#45:A#HB	1aju_model1.pdb#45:A#HAL	1aju_model1.pdb#45:A#CA	1aju_model1.pdb#45:A#Pi_Cation	1aju_model1.pdb#45:A#Pi_Anion	1aju_model1.pdb#45:A#Pi_Stacking	1aju_model1.pdb#46:A#HB	1aju_model1.pdb#46:A#HAL	1aju_model1.pdb#46:A#CA	1aju_model1.pdb#46:A#Pi_Cation	1aju_model1.pdb#46:A#Pi_Anion	1aju_model1.pdb#46:A#Pi_Stacking
molecule_00001^1	0	0	0	0	0	0	0	0	0	0	0	0	0	0	0	0	0	0	0	0	0	0	0	0	0	0	0	0	0	0	0	0	0	0	0	0	0	0	1	0	0	0	0	0	0	0	0	0	0	0	0	0	0	0	0	0	0	0	0	0	0	0	0	0	0	0	0	0	0	0	0	0	0	0	0	0	0	0	0	0	0	0	0	0	0	0	0	0	0	0	0	0	0	0	0	0	0	0	0	0	0	0	0	0	0	0	0	0	0	0	0	0	0	0	0	0	0	0	0	0	0	0	0	0	0	0	0	0	0	0	0	0	0	0	0	0	0	0	0	0	0	0	0	0	0	0	0	0	0	0	0	0	0	0	0	0	0	0	0	0	0	0	0	0	0	0	0	0	0	0	0	0	0	0	0	0	0	0	0	0
molecule_00001^2	0	0	0	0	0	0	0	0	0	0	0	0	0	0	0	0	0	0	0	0	0	0	0	0	0	0	0	0	0	0	0	0	0	0	0	0	0	0	1	0	0	1	0	0	1	0	0	0	0	0	0	0	0	0	0	0	0	0	0	0	0	0	0	0	0	0	0	0	0	0	0	0	0	0	0	0	0	0	0	0	0	0	0	0	0	0	0	0	0	0	0	0	0	0	0	0	0	0	0	0	0	0	0	0	0	0	0	0	0	0	0	0	0	0	0	0	0	0	0	0	0	0	0	0	0	0	0	0	0	0	0	0	0	0	0	0	0	0	0	0	0	0	0	0	0	0	0	0	0	0	0	0	0	0	0	0	0	0	0	0	0	0	0	0	0	0	0	0	0	0	0	0	0	0	0	0	0	0	0	0
molecule_00002^1	0	0	0	0	0	0	0	0	0	0	0	0	0	0	0	0	0	0	0	0	0	0	0	0	0	0	0	0	0	0	0	0	0	0	0	0	1	0	0	1	0	1	1	0	0	0	0	0	0	0	0	0	0	0	1	0	0	0	0	0	0	0	0	0	0	0	0	0	0	0	0	0	0	0	0	0	0	0	0	0	0	0	0	0	0	0	0	0	0	0	0	0	0	0	0	0	0	0	0	0	0	0	0	0	0	0	0	0	0	0	0	0	0	0	0	0	0	0	0	0	0	0	0	0	0	0	0	0	0	0	0	0	0	0	0	0	0	0	0	0	0	0	0	0	0	0	0	0	0	0	0	0	0	0	0	0	0	0	0	0	0	0	0	0	0	0	0	0	0	0	0	0	0	0	0	0	0	0	0	0
molecule_00006^1	0	0	0	0	0	0	0	0	0	0	0	0	0	0	0	0	0	0	0	0	0	0	0	0	0	0	0	0	0	0	0	0	0	0	0	0	0	0	0	0	0	1	0	0	0	0	0	0	0	0	0	0	0	0	0	0	0	0	0	0	0	0	0	0	0	0	0	0	0	0	0	0	0	0	0	0	0	0	0	0	0	0	0	0	0	0	0	0	0	0	0	0	0	0	0	0	0	0	0	0	0	0	0	0	0	0	0	0	0	0	0	0	0	0	0	0	0	0	0	0	0	0	0	0	0	0	0	0	0	0	0	0	0	0	0	0	0	0	0	0	0	0	0	0	0	0	0	0	0	0	0	0	0	0	0	0	0	0	0	0	0	0	0	0	0	0	0	0	0	0	0	0	0	0	0	0	0	0	0	0
